INFO:     Started server process [66926]
INFO:     Waiting for application startup.
2026-09-28 13:00:50 | INFO     | app.lifecycle:lifespan - Starting CoalMineAIPlatform v1.0.0
2026-09-28 13:00:50 | INFO     | app.utils.device:_log_device_info - 🍎 Device detected: MPS (Apple Silicon)  (torch 2.14.0)
2026-09-28 13:00:50 | INFO     | app.lifecycle:lifespan - FFmpeg video encoder selected: h264_videotoolbox
2026-09-28 13:00:50 | INFO     | app.lifecycle:lifespan - MinIO bucket 'coal-mine' ready
2026-09-28 13:00:50 | INFO     | app.lifecycle:lifespan - Background jobs handled by retail-ai-worker.service (separate process)
2026-09-28 13:00:50 | INFO     | app.lifecycle:lifespan - Waiting for MediaMTX to be ready at http://localhost:9997/v1/paths...
2026-09-28 13:01:20 | WARNING  | app.lifecycle:lifespan - MediaMTX did not become ready within 30s — proceeding anyway
2026-09-28 13:01:21 | INFO     | app.lifecycle:lifespan - No active cameras to restore after restart
2026-09-28 13:01:21 | INFO     | app.lifecycle:lifespan - Application startup complete
INFO:     Application startup complete.
INFO:     Uvicorn running on http://0.0.0.0:8000 (Press CTRL+C to quit)
INFO:     Shutting down
INFO:     Waiting for application shutdown.
2026-09-28 13:16:59 | INFO     | app.lifecycle:lifespan - Shutting down application...
2026-09-28 13:16:59 | INFO     | app.modules.ai_runtime.worker_supervisor:stop_all - Worker supervisor: stopped 0 workers
2026-09-28 13:16:59 | INFO     | app.lifecycle:lifespan - All camera workers stopped
2026-09-28 13:16:59 | INFO     | app.modules.streaming.manager:shutdown - StreamManager shut down; all publishers stopped
2026-09-28 13:16:59 | INFO     | app.lifecycle:lifespan - Application shutdown complete
INFO:     Application shutdown complete.
INFO:     Finished server process [66926]
